[    3310ms] [LOG] ---哈勃数据初始化成功 @ https://yx-web-nosdn.netease.im/sdk-release/hubble/hubble.js?timestamp=1784089175164:70
[    3461ms] Uncaught Error: Minified React error #425; visit https://reactjs.org/docs/error-decoder.html?invariant=425 for the full message or use the non-minified dev environment for full errors and additional helpful warnings.
    at rh (https://yx-web-nosdn.netease.im/webdoc_cdn/production/233019c/_next/static/chunks/framework-6956cc2a6f4190cb.js:8:40162)
    at <anonymous> (https://yx-web-nosdn.netease.im/webdoc_cdn/production/233019c/_next/static/chunks/framework-6956cc2a6f4190cb.js:8:103438)
    at oI (https://yx-web-nosdn.netease.im/webdoc_cdn/production/233019c/_next/static/chunks/framework-6956cc2a6f4190cb.js:8:106188)
    at oD (https://yx-web-nosdn.netease.im/webdoc_cdn/production/233019c/_next/static/chunks/framework-6956cc2a6f4190cb.js:8:99136)
    at <anonymous> (https://yx-web-nosdn.netease.im/webdoc_cdn/production/233019c/_next/static/chunks/framework-6956cc2a6f4190cb.js:8:98943)
    at oO (https://yx-web-nosdn.netease.im/webdoc_cdn/production/233019c/_next/static/chunks/framework-6956cc2a6f4190cb.js:8:98950)
    at ox (https://yx-web-nosdn.netease.im/webdoc_cdn/production/233019c/_next/static/chunks/framework-6956cc2a6f4190cb.js:8:93989)
    at x (https://yx-web-nosdn.netease.im/webdoc_cdn/production/233019c/_next/static/chunks/framework-6956cc2a6f4190cb.js:32:1363)
    at T (https://yx-web-nosdn.netease.im/webdoc_cdn/production/233019c/_next/static/chunks/framework-6956cc2a6f4190cb.js:32:1893)
[    3461ms] Uncaught Error: Minified React error #418; visit https://reactjs.org/docs/error-decoder.html?invariant=418 for the full message or use the non-minified dev environment for full errors and additional helpful warnings.
    at lg (https://yx-web-nosdn.netease.im/webdoc_cdn/production/233019c/_next/static/chunks/framework-6956cc2a6f4190cb.js:8:46458)
    at i (https://yx-web-nosdn.netease.im/webdoc_cdn/production/233019c/_next/static/chunks/framework-6956cc2a6f4190cb.js:8:121109)
    at oD (https://yx-web-nosdn.netease.im/webdoc_cdn/production/233019c/_next/static/chunks/framework-6956cc2a6f4190cb.js:8:99076)
    at <anonymous> (https://yx-web-nosdn.netease.im/webdoc_cdn/production/233019c/_next/static/chunks/framework-6956cc2a6f4190cb.js:8:98943)
    at oO (https://yx-web-nosdn.netease.im/webdoc_cdn/production/233019c/_next/static/chunks/framework-6956cc2a6f4190cb.js:8:98950)
    at ox (https://yx-web-nosdn.netease.im/webdoc_cdn/production/233019c/_next/static/chunks/framework-6956cc2a6f4190cb.js:8:93989)
    at x (https://yx-web-nosdn.netease.im/webdoc_cdn/production/233019c/_next/static/chunks/framework-6956cc2a6f4190cb.js:32:1363)
    at T (https://yx-web-nosdn.netease.im/webdoc_cdn/production/233019c/_next/static/chunks/framework-6956cc2a6f4190cb.js:32:1893)
[    3461ms] Uncaught Error: Minified React error #418; visit https://reactjs.org/docs/error-decoder.html?invariant=418 for the full message or use the non-minified dev environment for full errors and additional helpful warnings.
    at lg (https://yx-web-nosdn.netease.im/webdoc_cdn/production/233019c/_next/static/chunks/framework-6956cc2a6f4190cb.js:8:46458)
    at i (https://yx-web-nosdn.netease.im/webdoc_cdn/production/233019c/_next/static/chunks/framework-6956cc2a6f4190cb.js:8:121109)
    at oD (https://yx-web-nosdn.netease.im/webdoc_cdn/production/233019c/_next/static/chunks/framework-6956cc2a6f4190cb.js:8:99076)
    at <anonymous> (https://yx-web-nosdn.netease.im/webdoc_cdn/production/233019c/_next/static/chunks/framework-6956cc2a6f4190cb.js:8:98943)
    at oO (https://yx-web-nosdn.netease.im/webdoc_cdn/production/233019c/_next/static/chunks/framework-6956cc2a6f4190cb.js:8:98950)
    at ox (https://yx-web-nosdn.netease.im/webdoc_cdn/production/233019c/_next/static/chunks/framework-6956cc2a6f4190cb.js:8:93989)
    at x (https://yx-web-nosdn.netease.im/webdoc_cdn/production/233019c/_next/static/chunks/framework-6956cc2a6f4190cb.js:32:1363)
    at T (https://yx-web-nosdn.netease.im/webdoc_cdn/production/233019c/_next/static/chunks/framework-6956cc2a6f4190cb.js:32:1893)
[    3461ms] Uncaught Error: Minified React error #418; visit https://reactjs.org/docs/error-decoder.html?invariant=418 for the full message or use the non-minified dev environment for full errors and additional helpful warnings.
    at lg (https://yx-web-nosdn.netease.im/webdoc_cdn/production/233019c/_next/static/chunks/framework-6956cc2a6f4190cb.js:8:46458)
    at i (https://yx-web-nosdn.netease.im/webdoc_cdn/production/233019c/_next/static/chunks/framework-6956cc2a6f4190cb.js:8:121109)
    at oD (https://yx-web-nosdn.netease.im/webdoc_cdn/production/233019c/_next/static/chunks/framework-6956cc2a6f4190cb.js:8:99076)
    at <anonymous> (https://yx-web-nosdn.netease.im/webdoc_cdn/production/233019c/_next/static/chunks/framework-6956cc2a6f4190cb.js:8:98943)
    at oO (https://yx-web-nosdn.netease.im/webdoc_cdn/production/233019c/_next/static/chunks/framework-6956cc2a6f4190cb.js:8:98950)
    at ox (https://yx-web-nosdn.netease.im/webdoc_cdn/production/233019c/_next/static/chunks/framework-6956cc2a6f4190cb.js:8:93989)
    at x (https://yx-web-nosdn.netease.im/webdoc_cdn/production/233019c/_next/static/chunks/framework-6956cc2a6f4190cb.js:32:1363)
    at T (https://yx-web-nosdn.netease.im/webdoc_cdn/production/233019c/_next/static/chunks/framework-6956cc2a6f4190cb.js:32:1893)
[    3461ms] Uncaught Error: Minified React error #418; visit https://reactjs.org/docs/error-decoder.html?invariant=418 for the full message or use the non-minified dev environment for full errors and additional helpful warnings.
    at lg (https://yx-web-nosdn.netease.im/webdoc_cdn/production/233019c/_next/static/chunks/framework-6956cc2a6f4190cb.js:8:46458)
    at i (https://yx-web-nosdn.netease.im/webdoc_cdn/production/233019c/_next/static/chunks/framework-6956cc2a6f4190cb.js:8:121109)
    at oD (https://yx-web-nosdn.netease.im/webdoc_cdn/production/233019c/_next/static/chunks/framework-6956cc2a6f4190cb.js:8:99076)
    at <anonymous> (https://yx-web-nosdn.netease.im/webdoc_cdn/production/233019c/_next/static/chunks/framework-6956cc2a6f4190cb.js:8:98943)
    at oO (https://yx-web-nosdn.netease.im/webdoc_cdn/production/233019c/_next/static/chunks/framework-6956cc2a6f4190cb.js:8:98950)
    at ox (https://yx-web-nosdn.netease.im/webdoc_cdn/production/233019c/_next/static/chunks/framework-6956cc2a6f4190cb.js:8:93989)
    at x (https://yx-web-nosdn.netease.im/webdoc_cdn/production/233019c/_next/static/chunks/framework-6956cc2a6f4190cb.js:32:1363)
    at T (https://yx-web-nosdn.netease.im/webdoc_cdn/production/233019c/_next/static/chunks/framework-6956cc2a6f4190cb.js:32:1893)
[    3461ms] Uncaught Error: Minified React error #418; visit https://reactjs.org/docs/error-decoder.html?invariant=418 for the full message or use the non-minified dev environment for full errors and additional helpful warnings.
    at lg (https://yx-web-nosdn.netease.im/webdoc_cdn/production/233019c/_next/static/chunks/framework-6956cc2a6f4190cb.js:8:46458)
    at i (https://yx-web-nosdn.netease.im/webdoc_cdn/production/233019c/_next/static/chunks/framework-6956cc2a6f4190cb.js:8:121109)
    at oD (https://yx-web-nosdn.netease.im/webdoc_cdn/production/233019c/_next/static/chunks/framework-6956cc2a6f4190cb.js:8:99076)
    at <anonymous> (https://yx-web-nosdn.netease.im/webdoc_cdn/production/233019c/_next/static/chunks/framework-6956cc2a6f4190cb.js:8:98943)
    at oO (https://yx-web-nosdn.netease.im/webdoc_cdn/production/233019c/_next/static/chunks/framework-6956cc2a6f4190cb.js:8:98950)
    at ox (https://yx-web-nosdn.netease.im/webdoc_cdn/production/233019c/_next/static/chunks/framework-6956cc2a6f4190cb.js:8:93989)
    at x (https://yx-web-nosdn.netease.im/webdoc_cdn/production/233019c/_next/static/chunks/framework-6956cc2a6f4190cb.js:32:1363)
    at T (https://yx-web-nosdn.netease.im/webdoc_cdn/production/233019c/_next/static/chunks/framework-6956cc2a6f4190cb.js:32:1893)
[    3462ms] Uncaught Error: Minified React error #418; visit https://reactjs.org/docs/error-decoder.html?invariant=418 for the full message or use the non-minified dev environment for full errors and additional helpful warnings.
    at lg (https://yx-web-nosdn.netease.im/webdoc_cdn/production/233019c/_next/static/chunks/framework-6956cc2a6f4190cb.js:8:46458)
    at i (https://yx-web-nosdn.netease.im/webdoc_cdn/production/233019c/_next/static/chunks/framework-6956cc2a6f4190cb.js:8:121109)
    at oD (https://yx-web-nosdn.netease.im/webdoc_cdn/production/233019c/_next/static/chunks/framework-6956cc2a6f4190cb.js:8:99076)
    at <anonymous> (https://yx-web-nosdn.netease.im/webdoc_cdn/production/233019c/_next/static/chunks/framework-6956cc2a6f4190cb.js:8:98943)
    at oO (https://yx-web-nosdn.netease.im/webdoc_cdn/production/233019c/_next/static/chunks/framework-6956cc2a6f4190cb.js:8:98950)
    at ox (https://yx-web-nosdn.netease.im/webdoc_cdn/production/233019c/_next/static/chunks/framework-6956cc2a6f4190cb.js:8:93989)
    at x (https://yx-web-nosdn.netease.im/webdoc_cdn/production/233019c/_next/static/chunks/framework-6956cc2a6f4190cb.js:32:1363)
    at T (https://yx-web-nosdn.netease.im/webdoc_cdn/production/233019c/_next/static/chunks/framework-6956cc2a6f4190cb.js:32:1893)
[    3462ms] Uncaught Error: Minified React error #423; visit https://reactjs.org/docs/error-decoder.html?invariant=423 for the full message or use the non-minified dev environment for full errors and additional helpful warnings.
    at i (https://yx-web-nosdn.netease.im/webdoc_cdn/production/233019c/_next/static/chunks/framework-6956cc2a6f4190cb.js:8:120778)
    at oD (https://yx-web-nosdn.netease.im/webdoc_cdn/production/233019c/_next/static/chunks/framework-6956cc2a6f4190cb.js:8:99076)
    at <anonymous> (https://yx-web-nosdn.netease.im/webdoc_cdn/production/233019c/_next/static/chunks/framework-6956cc2a6f4190cb.js:8:98943)
    at oO (https://yx-web-nosdn.netease.im/webdoc_cdn/production/233019c/_next/static/chunks/framework-6956cc2a6f4190cb.js:8:98950)
    at oE (https://yx-web-nosdn.netease.im/webdoc_cdn/production/233019c/_next/static/chunks/framework-6956cc2a6f4190cb.js:8:95702)
    at ox (https://yx-web-nosdn.netease.im/webdoc_cdn/production/233019c/_next/static/chunks/framework-6956cc2a6f4190cb.js:8:94257)
    at x (https://yx-web-nosdn.netease.im/webdoc_cdn/production/233019c/_next/static/chunks/framework-6956cc2a6f4190cb.js:32:1363)
    at T (https://yx-web-nosdn.netease.im/webdoc_cdn/production/233019c/_next/static/chunks/framework-6956cc2a6f4190cb.js:32:1893)
[    4355ms] [LOG] ---哈勃数据初始化成功 @ https://yx-web-nosdn.netease.im/sdk-release/hubble/hubble.js?timestamp=1784089177117:70
[    6422ms] Uncaught TypeError: Cannot read properties of undefined (reading '0')
    at dom.onload (https://yunxin.163.com/res/third/probeYxId.bundled.js:125:14)
[    6886ms] Uncaught TypeError: Cannot read properties of undefined (reading '0')
    at dom.onload (https://yunxin.163.com/res/third/probeYxId.bundled.js:125:14)
[    7466ms] Uncaught TypeError: Cannot read properties of undefined (reading '0')
    at dom.onload (https://yunxin.163.com/res/third/probeYxId.bundled.js:125:14)
[    8602ms] Uncaught RangeError: Maximum call stack size exceeded
    at <anonymous> (https://yx-web-nosdn.netease.im/sdk-release/hubble/2.0.0/DATracker.globals.js?t=1740363828127:0:0)
    at _.each (https://yx-web-nosdn.netease.im/sdk-release/hubble/2.0.0/DATracker.globals.js?t=1740363828127:905:14)
    at DATrackerLib._execute_array (https://yx-web-nosdn.netease.im/sdk-release/hubble/2.0.0/DATracker.globals.js?t=1740363828127:0:0)
    at DATrackerLib.push (https://yx-web-nosdn.netease.im/sdk-release/hubble/2.0.0/DATracker.globals.js?t=1740363828127:0:0)
    at target.<computed> (https://yx-web-nosdn.netease.im/sdk-release/hubble/hubble.js?timestamp=1784089177117:0:0)
    at <anonymous> (https://yx-web-nosdn.netease.im/sdk-release/hubble/2.0.0/DATracker.globals.js?t=1740363828127:0:0)
    at _.each (https://yx-web-nosdn.netease.im/sdk-release/hubble/2.0.0/DATracker.globals.js?t=1740363828127:905:14)
    at execute (https://yx-web-nosdn.netease.im/sdk-release/hubble/2.0.0/DATracker.globals.js?t=1740363828127:0:0)
    at DATrackerLib._execute_array (https://yx-web-nosdn.netease.im/sdk-release/hubble/2.0.0/DATracker.globals.js?t=1740363828127:0:0)
    at DATrackerLib.push (https://yx-web-nosdn.netease.im/sdk-release/hubble/2.0.0/DATracker.globals.js?t=1740363828127:0:0)
    at target.<computed> (https://yx-web-nosdn.netease.im/sdk-release/hubble/hubble.js?timestamp=1784089177117:0:0)
    at <anonymous> (https://yx-web-nosdn.netease.im/sdk-release/hubble/2.0.0/DATracker.globals.js?t=1740363828127:0:0)
    at _.each (https://yx-web-nosdn.netease.im/sdk-release/hubble/2.0.0/DATracker.globals.js?t=1740363828127:905:14)
    at execute (https://yx-web-nosdn.netease.im/sdk-release/hubble/2.0.0/DATracker.globals.js?t=1740363828127:0:0)
    at DATrackerLib._execute_array (https://yx-web-nosdn.netease.im/sdk-release/hubble/2.0.0/DATracker.globals.js?t=1740363828127:0:0)
    at DATrackerLib.push (https://yx-web-nosdn.netease.im/sdk-release/hubble/2.0.0/DATracker.globals.js?t=1740363828127:0:0)
    at target.<computed> (https://yx-web-nosdn.netease.im/sdk-release/hubble/hubble.js?timestamp=1784089177117:0:0)
    at <anonymous> (https://yx-web-nosdn.netease.im/sdk-release/hubble/2.0.0/DATracker.globals.js?t=1740363828127:0:0)
    at _.each (https://yx-web-nosdn.netease.im/sdk-release/hubble/2.0.0/DATracker.globals.js?t=1740363828127:905:14)
    at execute (https://yx-web-nosdn.netease.im/sdk-release/hubble/2.0.0/DATracker.globals.js?t=1740363828127:0:0)
    at DATrackerLib._execute_array (https://yx-web-nosdn.netease.im/sdk-release/hubble/2.0.0/DATracker.globals.js?t=1740363828127:0:0)
    at DATrackerLib.push (https://yx-web-nosdn.netease.im/sdk-release/hubble/2.0.0/DATracker.globals.js?t=1740363828127:0:0)
    at target.<computed> (https://yx-web-nosdn.netease.im/sdk-release/hubble/hubble.js?timestamp=1784089177117:0:0)
    at <anonymous> (https://yx-web-nosdn.netease.im/sdk-release/hubble/2.0.0/DATracker.globals.js?t=1740363828127:0:0)
    at _.each (https://yx-web-nosdn.netease.im/sdk-release/hubble/2.0.0/DATracker.globals.js?t=1740363828127:905:14)
    at execute (https://yx-web-nosdn.netease.im/sdk-release/hubble/2.0.0/DATracker.globals.js?t=1740363828127:0:0)
    at DATrackerLib._execute_array (https://yx-web-nosdn.netease.im/sdk-release/hubble/2.0.0/DATracker.globals.js?t=1740363828127:0:0)
    at DATrackerLib.push (https://yx-web-nosdn.netease.im/sdk-release/hubble/2.0.0/DATracker.globals.js?t=1740363828127:0:0)
    at target.<computed> (https://yx-web-nosdn.netease.im/sdk-release/hubble/hubble.js?timestamp=1784089177117:0:0)
    at <anonymous> (https://yx-web-nosdn.netease.im/sdk-release/hubble/2.0.0/DATracker.globals.js?t=1740363828127:0:0)
    at _.each (https://yx-web-nosdn.netease.im/sdk-release/hubble/2.0.0/DATracker.globals.js?t=1740363828127:905:14)
    at execute (https://yx-web-nosdn.netease.im/sdk-release/hubble/2.0.0/DATracker.globals.js?t=1740363828127:0:0)
    at DATrackerLib._execute_array (https://yx-web-nosdn.netease.im/sdk-release/hubble/2.0.0/DATracker.globals.js?t=1740363828127:0:0)
    at DATrackerLib.push (https://yx-web-nosdn.netease.im/sdk-release/hubble/2.0.0/DATracker.globals.js?t=1740363828127:0:0)
    at target.<computed> (https://yx-web-nosdn.netease.im/sdk-release/hubble/hubble.js?timestamp=1784089177117:0:0)
    at <anonymous> (https://yx-web-nosdn.netease.im/sdk-release/hubble/2.0.0/DATracker.globals.js?t=1740363828127:0:0)
    at _.each (https://yx-web-nosdn.netease.im/sdk-release/hubble/2.0.0/DATracker.globals.js?t=1740363828127:905:14)
    at execute (https://yx-web-nosdn.netease.im/sdk-release/hubble/2.0.0/DATracker.globals.js?t=1740363828127:0:0)
    at DATrackerLib._execute_array (https://yx-web-nosdn.netease.im/sdk-release/hubble/2.0.0/DATracker.globals.js?t=1740363828127:0:0)
    at DATrackerLib.push (https://yx-web-nosdn.netease.im/sdk-release/hubble/2.0.0/DATracker.globals.js?t=1740363828127:0:0)
    at target.<computed> (https://yx-web-nosdn.netease.im/sdk-release/hubble/hubble.js?timestamp=1784089177117:0:0)
    at <anonymous> (https://yx-web-nosdn.netease.im/sdk-release/hubble/2.0.0/DATracker.globals.js?t=1740363828127:0:0)
    at _.each (https://yx-web-nosdn.netease.im/sdk-release/hubble/2.0.0/DATracker.globals.js?t=1740363828127:905:14)
    at execute (https://yx-web-nosdn.netease.im/sdk-release/hubble/2.0.0/DATracker.globals.js?t=1740363828127:0:0)
    at DATrackerLib._execute_array (https://yx-web-nosdn.netease.im/sdk-release/hubble/2.0.0/DATracker.globals.js?t=1740363828127:0:0)
    at DATrackerLib.push (https://yx-web-nosdn.netease.im/sdk-release/hubble/2.0.0/DATracker.globals.js?t=1740363828127:0:0)
    at target.<computed> (https://yx-web-nosdn.netease.im/sdk-release/hubble/hubble.js?timestamp=1784089177117:0:0)
    at <anonymous> (https://yx-web-nosdn.netease.im/sdk-release/hubble/2.0.0/DATracker.globals.js?t=1740363828127:0:0)
    at _.each (https://yx-web-nosdn.netease.im/sdk-release/hubble/2.0.0/DATracker.globals.js?t=1740363828127:905:14)
    at execute (https://yx-web-nosdn.netease.im/sdk-release/hubble/2.0.0/DATracker.globals.js?t=1740363828127:0:0)
    at DATrackerLib._execute_array (https://yx-web-nosdn.netease.im/sdk-release/hubble/2.0.0/DATracker.globals.js?t=1740363828127:0:0)
    at DATrackerLib.push (https://yx-web-nosdn.netease.im/sdk-release/hubble/2.0.0/DATracker.globals.js?t=1740363828127:0:0)
    at target.<computed> (https://yx-web-nosdn.netease.im/sdk-release/hubble/hubble.js?timestamp=1784089177117:0:0)
    at <anonymous> (https://yx-web-nosdn.netease.im/sdk-release/hubble/2.0.0/DATracker.globals.js?t=1740363828127:0:0)
    at _.each (https://yx-web-nosdn.netease.im/sdk-release/hubble/2.0.0/DATracker.globals.js?t=1740363828127:905:14)
    at execute (https://yx-web-nosdn.netease.im/sdk-release/hubble/2.0.0/DATracker.globals.js?t=1740363828127:0:0)
    at DATrackerLib._execute_array (https://yx-web-nosdn.netease.im/sdk-release/hubble/2.0.0/DATracker.globals.js?t=1740363828127:0:0)
    at DATrackerLib.push (https://yx-web-nosdn.netease.im/sdk-release/hubble/2.0.0/DATracker.globals.js?t=1740363828127:0:0)
    at target.<computed> (https://yx-web-nosdn.netease.im/sdk-release/hubble/hubble.js?timestamp=1784089177117:0:0)
    at <anonymous> (https://yx-web-nosdn.netease.im/sdk-release/hubble/2.0.0/DATracker.globals.js?t=1740363828127:0:0)
    at _.each (https://yx-web-nosdn.netease.im/sdk-release/hubble/2.0.0/DATracker.globals.js?t=1740363828127:905:14)
    at execute (https://yx-web-nosdn.netease.im/sdk-release/hubble/2.0.0/DATracker.globals.js?t=1740363828127:0:0)
    at DATrackerLib._execute_array (https://yx-web-nosdn.netease.im/sdk-release/hubble/2.0.0/DATracker.globals.js?t=1740363828127:0:0)
    at DATrackerLib.push (https://yx-web-nosdn.netease.im/sdk-release/hubble/2.0.0/DATracker.globals.js?t=1740363828127:0:0)
    at target.<computed> (https://yx-web-nosdn.netease.im/sdk-release/hubble/hubble.js?timestamp=1784089177117:0:0)
    at <anonymous> (https://yx-web-nosdn.netease.im/sdk-release/hubble/2.0.0/DATracker.globals.js?t=1740363828127:0:0)
    at _.each (https://yx-web-nosdn.netease.im/sdk-release/hubble/2.0.0/DATracker.globals.js?t=1740363828127:905:14)
    at execute (https://yx-web-nosdn.netease.im/sdk-release/hubble/2.0.0/DATracker.globals.js?t=1740363828127:0:0)
    at DATrackerLib._execute_array (https://yx-web-nosdn.netease.im/sdk-release/hubble/2.0.0/DATracker.globals.js?t=1740363828127:0:0)
    at DATrackerLib.push (https://yx-web-nosdn.netease.im/sdk-release/hubble/2.0.0/DATracker.globals.js?t=1740363828127:0:0)
    at target.<computed> (https://yx-web-nosdn.netease.im/sdk-release/hubble/hubble.js?timestamp=1784089177117:0:0)
    at <anonymous> (https://yx-web-nosdn.netease.im/sdk-release/hubble/2.0.0/DATracker.globals.js?t=1740363828127:0:0)
    at _.each (https://yx-web-nosdn.netease.im/sdk-release/hubble/2.0.0/DATracker.globals.js?t=1740363828127:905:14)
    at execute (https://yx-web-nosdn.netease.im/sdk-release/hubble/2.0.0/DATracker.globals.js?t=1740363828127:0:0)
    at DATrackerLib._execute_array (https://yx-web-nosdn.netease.im/sdk-release/hubble/2.0.0/DATracker.globals.js?t=1740363828127:0:0)
    at DATrackerLib.push (https://yx-web-nosdn.netease.im/sdk-release/hubble/2.0.0/DATracker.globals.js?t=1740363828127:0:0)
    at target.<computed> (https://yx-web-nosdn.netease.im/sdk-release/hubble/hubble.js?timestamp=1784089177117:0:0)
    at <anonymous> (https://yx-web-nosdn.netease.im/sdk-release/hubble/2.0.0/DATracker.globals.js?t=1740363828127:0:0)
    at _.each (https://yx-web-nosdn.netease.im/sdk-release/hubble/2.0.0/DATracker.globals.js?t=1740363828127:905:14)
    at execute (https://yx-web-nosdn.netease.im/sdk-release/hubble/2.0.0/DATracker.globals.js?t=1740363828127:0:0)
    at DATrackerLib._execute_array (https://yx-web-nosdn.netease.im/sdk-release/hubble/2.0.0/DATracker.globals.js?t=1740363828127:0:0)
    at DATrackerLib.push (https://yx-web-nosdn.netease.im/sdk-release/hubble/2.0.0/DATracker.globals.js?t=1740363828127:0:0)
    at target.<computed> (https://yx-web-nosdn.netease.im/sdk-release/hubble/hubble.js?timestamp=1784089177117:0:0)
    at <anonymous> (https://yx-web-nosdn.netease.im/sdk-release/hubble/2.0.0/DATracker.globals.js?t=1740363828127:0:0)
    at _.each (https://yx-web-nosdn.netease.im/sdk-release/hubble/2.0.0/DATracker.globals.js?t=1740363828127:905:14)
    at execute (https://yx-web-nosdn.netease.im/sdk-release/hubble/2.0.0/DATracker.globals.js?t=1740363828127:0:0)
    at DATrackerLib._execute_array (https://yx-web-nosdn.netease.im/sdk-release/hubble/2.0.0/DATracker.globals.js?t=1740363828127:0:0)
    at DATrackerLib.push (https://yx-web-nosdn.netease.im/sdk-release/hubble/2.0.0/DATracker.globals.js?t=1740363828127:0:0)
    at target.<computed> (https://yx-web-nosdn.netease.im/sdk-release/hubble/hubble.js?timestamp=1784089177117:0:0)
    at <anonymous> (https://yx-web-nosdn.netease.im/sdk-release/hubble/2.0.0/DATracker.globals.js?t=1740363828127:0:0)
    at _.each (https://yx-web-nosdn.netease.im/sdk-release/hubble/2.0.0/DATracker.globals.js?t=1740363828127:905:14)
    at execute (https://yx-web-nosdn.netease.im/sdk-release/hubble/2.0.0/DATracker.globals.js?t=1740363828127:0:0)
    at DATrackerLib._execute_array (https://yx-web-nosdn.netease.im/sdk-release/hubble/2.0.0/DATracker.globals.js?t=1740363828127:0:0)
    at DATrackerLib.push (https://yx-web-nosdn.netease.im/sdk-release/hubble/2.0.0/DATracker.globals.js?t=1740363828127:0:0)
    at target.<computed> (https://yx-web-nosdn.netease.im/sdk-release/hubble/hubble.js?timestamp=1784089177117:0:0)
    at <anonymous> (https://yx-web-nosdn.netease.im/sdk-release/hubble/2.0.0/DATracker.globals.js?t=1740363828127:0:0)
    at _.each (https://yx-web-nosdn.netease.im/sdk-release/hubble/2.0.0/DATracker.globals.js?t=1740363828127:905:14)
    at execute (https://yx-web-nosdn.netease.im/sdk-release/hubble/2.0.0/DATracker.globals.js?t=1740363828127:0:0)
    at DATrackerLib._execute_array (https://yx-web-nosdn.netease.im/sdk-release/hubble/2.0.0/DATracker.globals.js?t=1740363828127:0:0)
    at DATrackerLib.push (https://yx-web-nosdn.netease.im/sdk-release/hubble/2.0.0/DATracker.globals.js?t=1740363828127:0:0)
    at target.<computed> (https://yx-web-nosdn.netease.im/sdk-release/hubble/hubble.js?timestamp=1784089177117:0:0)
    at <anonymous> (https://yx-web-nosdn.netease.im/sdk-release/hubble/2.0.0/DATracker.globals.js?t=1740363828127:0:0)
    at _.each (https://yx-web-nosdn.netease.im/sdk-release/hubble/2.0.0/DATracker.globals.js?t=1740363828127:905:14)
    at execute (https://yx-web-nosdn.netease.im/sdk-release/hubble/2.0.0/DATracker.globals.js?t=1740363828127:0:0)
    at DATrackerLib._execute_array (https://yx-web-nosdn.netease.im/sdk-release/hubble/2.0.0/DATracker.globals.js?t=1740363828127:0:0)
    at DATrackerLib.push (https://yx-web-nosdn.netease.im/sdk-release/hubble/2.0.0/DATracker.globals.js?t=1740363828127:0:0)
    at target.<computed> (https://yx-web-nosdn.netease.im/sdk-release/hubble/hubble.js?timestamp=1784089177117:0:0)
    at <anonymous> (https://yx-web-nosdn.netease.im/sdk-release/hubble/2.0.0/DATracker.globals.js?t=1740363828127:0:0)
    at _.each (https://yx-web-nosdn.netease.im/sdk-release/hubble/2.0.0/DATracker.globals.js?t=1740363828127:905:14)
    at execute (https://yx-web-nosdn.netease.im/sdk-release/hubble/2.0.0/DATracker.globals.js?t=1740363828127:0:0)
    at DATrackerLib._execute_array (https://yx-web-nosdn.netease.im/sdk-release/hubble/2.0.0/DATracker.globals.js?t=1740363828127:0:0)
    at DATrackerLib.push (https://yx-web-nosdn.netease.im/sdk-release/hubble/2.0.0/DATracker.globals.js?t=1740363828127:0:0)
    at target.<computed> (https://yx-web-nosdn.netease.im/sdk-release/hubble/hubble.js?timestamp=1784089177117:0:0)
    at <anonymous> (https://yx-web-nosdn.netease.im/sdk-release/hubble/2.0.0/DATracker.globals.js?t=1740363828127:0:0)
    at _.each (https://yx-web-nosdn.netease.im/sdk-release/hubble/2.0.0/DATracker.globals.js?t=1740363828127:905:14)
    at execute (https://yx-web-nosdn.netease.im/sdk-release/hubble/2.0.0/DATracker.globals.js?t=1740363828127:0:0)
    at DATrackerLib._execute_array (https://yx-web-nosdn.netease.im/sdk-release/hubble/2.0.0/DATracker.globals.js?t=1740363828127:0:0)
    at DATrackerLib.push (https://yx-web-nosdn.netease.im/sdk-release/hubble/2.0.0/DATracker.globals.js?t=1740363828127:0:0)
    at target.<computed> (https://yx-web-nosdn.netease.im/sdk-release/hubble/hubble.js?timestamp=1784089177117:0:0)
    at <anonymous> (https://yx-web-nosdn.netease.im/sdk-release/hubble/2.0.0/DATracker.globals.js?t=1740363828127:0:0)
    at _.each (https://yx-web-nosdn.netease.im/sdk-release/hubble/2.0.0/DATracker.globals.js?t=1740363828127:905:14)
    at execute (https://yx-web-nosdn.netease.im/sdk-release/hubble/2.0.0/DATracker.globals.js?t=1740363828127:0:0)
    at DATrackerLib._execute_array (https://yx-web-nosdn.netease.im/sdk-release/hubble/2.0.0/DATracker.globals.js?t=1740363828127:0:0)
    at DATrackerLib.push (https://yx-web-nosdn.netease.im/sdk-release/hubble/2.0.0/DATracker.globals.js?t=1740363828127:0:0)
    at target.<computed> (https://yx-web-nosdn.netease.im/sdk-release/hubble/hubble.js?timestamp=1784089177117:0:0)
    at <anonymous> (https://yx-web-nosdn.netease.im/sdk-release/hubble/2.0.0/DATracker.globals.js?t=1740363828127:0:0)
    at _.each (https://yx-web-nosdn.netease.im/sdk-release/hubble/2.0.0/DATracker.globals.js?t=1740363828127:905:14)
    at execute (https://yx-web-nosdn.netease.im/sdk-release/hubble/2.0.0/DATracker.globals.js?t=1740363828127:0:0)
    at DATrackerLib._execute_array (https://yx-web-nosdn.netease.im/sdk-release/hubble/2.0.0/DATracker.globals.js?t=1740363828127:0:0)
    at DATrackerLib.push (https://yx-web-nosdn.netease.im/sdk-release/hubble/2.0.0/DATracker.globals.js?t=1740363828127:0:0)
    at target.<computed> (https://yx-web-nosdn.netease.im/sdk-release/hubble/hubble.js?timestamp=1784089177117:0:0)
    at <anonymous> (https://yx-web-nosdn.netease.im/sdk-release/hubble/2.0.0/DATracker.globals.js?t=1740363828127:0:0)
    at _.each (https://yx-web-nosdn.netease.im/sdk-release/hubble/2.0.0/DATracker.globals.js?t=1740363828127:905:14)
    at execute (https://yx-web-nosdn.netease.im/sdk-release/hubble/2.0.0/DATracker.globals.js?t=1740363828127:0:0)
    at DATrackerLib._execute_array (https://yx-web-nosdn.netease.im/sdk-release/hubble/2.0.0/DATracker.globals.js?t=1740363828127:0:0)
    at DATrackerLib.push (https://yx-web-nosdn.netease.im/sdk-release/hubble/2.0.0/DATracker.globals.js?t=1740363828127:0:0)
    at target.<computed> (https://yx-web-nosdn.netease.im/sdk-release/hubble/hubble.js?timestamp=1784089177117:0:0)
    at <anonymous> (https://yx-web-nosdn.netease.im/sdk-release/hubble/2.0.0/DATracker.globals.js?t=1740363828127:0:0)
    at _.each (https://yx-web-nosdn.netease.im/sdk-release/hubble/2.0.0/DATracker.globals.js?t=1740363828127:905:14)
    at execute (https://yx-web-nosdn.netease.im/sdk-release/hubble/2.0.0/DATracker.globals.js?t=1740363828127:0:0)
    at DATrackerLib._execute_array (https://yx-web-nosdn.netease.im/sdk-release/hubble/2.0.0/DATracker.globals.js?t=1740363828127:0:0)
    at DATrackerLib.push (https://yx-web-nosdn.netease.im/sdk-release/hubble/2.0.0/DATracker.globals.js?t=1740363828127:0:0)
    at target.<computed> (https://yx-web-nosdn.netease.im/sdk-release/hubble/hubble.js?timestamp=1784089177117:0:0)
    at <anonymous> (https://yx-web-nosdn.netease.im/sdk-release/hubble/2.0.0/DATracker.globals.js?t=1740363828127:0:0)
    at _.each (https://yx-web-nosdn.netease.im/sdk-release/hubble/2.0.0/DATracker.globals.js?t=1740363828127:905:14)
    at execute (https://yx-web-nosdn.netease.im/sdk-release/hubble/2.0.0/DATracker.globals.js?t=1740363828127:0:0)
    at DATrackerLib._execute_array (https://yx-web-nosdn.netease.im/sdk-release/hubble/2.0.0/DATracker.globals.js?t=1740363828127:0:0)
    at DATrackerLib.push (https://yx-web-nosdn.netease.im/sdk-release/hubble/2.0.0/DATracker.globals.js?t=1740363828127:0:0)
    at target.<computed> (https://yx-web-nosdn.netease.im/sdk-release/hubble/hubble.js?timestamp=1784089177117:0:0)
    at <anonymous> (https://yx-web-nosdn.netease.im/sdk-release/hubble/2.0.0/DATracker.globals.js?t=1740363828127:0:0)
    at _.each (https://yx-web-nosdn.netease.im/sdk-release/hubble/2.0.0/DATracker.globals.js?t=1740363828127:905:14)
    at execute (https://yx-web-nosdn.netease.im/sdk-release/hubble/2.0.0/DATracker.globals.js?t=1740363828127:0:0)
    at DATrackerLib._execute_array (https://yx-web-nosdn.netease.im/sdk-release/hubble/2.0.0/DATracker.globals.js?t=1740363828127:0:0)
    at DATrackerLib.push (https://yx-web-nosdn.netease.im/sdk-release/hubble/2.0.0/DATracker.globals.js?t=1740363828127:0:0)
    at target.<computed> (https://yx-web-nosdn.netease.im/sdk-release/hubble/hubble.js?timestamp=1784089177117:0:0)
    at <anonymous> (https://yx-web-nosdn.netease.im/sdk-release/hubble/2.0.0/DATracker.globals.js?t=1740363828127:0:0)
    at _.each (https://yx-web-nosdn.netease.im/sdk-release/hubble/2.0.0/DATracker.globals.js?t=1740363828127:905:14)
    at execute (https://yx-web-nosdn.netease.im/sdk-release/hubble/2.0.0/DATracker.globals.js?t=1740363828127:0:0)
    at DATrackerLib._execute_array (https://yx-web-nosdn.netease.im/sdk-release/hubble/2.0.0/DATracker.globals.js?t=1740363828127:0:0)
    at DATrackerLib.push (https://yx-web-nosdn.netease.im/sdk-release/hubble/2.0.0/DATracker.globals.js?t=1740363828127:0:0)
    at target.<computed> (https://yx-web-nosdn.netease.im/sdk-release/hubble/hubble.js?timestamp=1784089177117:0:0)
    at <anonymous> (https://yx-web-nosdn.netease.im/sdk-release/hubble/2.0.0/DATracker.globals.js?t=1740363828127:0:0)
    at _.each (https://yx-web-nosdn.netease.im/sdk-release/hubble/2.0.0/DATracker.globals.js?t=1740363828127:905:14)
    at execute (https://yx-web-nosdn.netease.im/sdk-release/hubble/2.0.0/DATracker.globals.js?t=1740363828127:0:0)
    at DATrackerLib._execute_array (https://yx-web-nosdn.netease.im/sdk-release/hubble/2.0.0/DATracker.globals.js?t=1740363828127:0:0)
    at DATrackerLib.push (https://yx-web-nosdn.netease.im/sdk-release/hubble/2.0.0/DATracker.globals.js?t=1740363828127:0:0)
    at target.<computed> (https://yx-web-nosdn.netease.im/sdk-release/hubble/hubble.js?timestamp=1784089177117:0:0)
    at <anonymous> (https://yx-web-nosdn.netease.im/sdk-release/hubble/2.0.0/DATracker.globals.js?t=1740363828127:0:0)
    at _.each (https://yx-web-nosdn.netease.im/sdk-release/hubble/2.0.0/DATracker.globals.js?t=1740363828127:905:14)
    at execute (https://yx-web-nosdn.netease.im/sdk-release/hubble/2.0.0/DATracker.globals.js?t=1740363828127:0:0)
    at DATrackerLib._execute_array (https://yx-web-nosdn.netease.im/sdk-release/hubble/2.0.0/DATracker.globals.js?t=1740363828127:0:0)
[    8603ms] Uncaught RangeError: Maximum call stack size exceeded
    at <anonymous> (https://yx-web-nosdn.netease.im/sdk-release/hubble/2.0.0/DATracker.globals.js?t=1740363828127:6623:29)
    at _.each (https://yx-web-nosdn.netease.im/sdk-release/hubble/2.0.0/DATracker.globals.js?t=1740363828127:905:14)
    at DATrackerLib._execute_array (https://yx-web-nosdn.netease.im/sdk-release/hubble/2.0.0/DATracker.globals.js?t=1740363828127:0:0)
    at DATrackerLib.push (https://yx-web-nosdn.netease.im/sdk-release/hubble/2.0.0/DATracker.globals.js?t=1740363828127:0:0)
    at target.<computed> (https://yx-web-nosdn.netease.im/sdk-release/hubble/hubble.js?timestamp=1784089177117:0:0)
    at <anonymous> (https://yx-web-nosdn.netease.im/sdk-release/hubble/2.0.0/DATracker.globals.js?t=1740363828127:0:0)
    at _.each (https://yx-web-nosdn.netease.im/sdk-release/hubble/2.0.0/DATracker.globals.js?t=1740363828127:905:14)
    at execute (https://yx-web-nosdn.netease.im/sdk-release/hubble/2.0.0/DATracker.globals.js?t=1740363828127:0:0)
    at DATrackerLib._execute_array (https://yx-web-nosdn.netease.im/sdk-release/hubble/2.0.0/DATracker.globals.js?t=1740363828127:0:0)
    at DATrackerLib.push (https://yx-web-nosdn.netease.im/sdk-release/hubble/2.0.0/DATracker.globals.js?t=1740363828127:0:0)
    at target.<computed> (https://yx-web-nosdn.netease.im/sdk-release/hubble/hubble.js?timestamp=1784089177117:0:0)
    at <anonymous> (https://yx-web-nosdn.netease.im/sdk-release/hubble/2.0.0/DATracker.globals.js?t=1740363828127:0:0)
    at _.each (https://yx-web-nosdn.netease.im/sdk-release/hubble/2.0.0/DATracker.globals.js?t=1740363828127:905:14)
    at execute (https://yx-web-nosdn.netease.im/sdk-release/hubble/2.0.0/DATracker.globals.js?t=1740363828127:0:0)
    at DATrackerLib._execute_array (https://yx-web-nosdn.netease.im/sdk-release/hubble/2.0.0/DATracker.globals.js?t=1740363828127:0:0)
    at DATrackerLib.push (https://yx-web-nosdn.netease.im/sdk-release/hubble/2.0.0/DATracker.globals.js?t=1740363828127:0:0)
    at target.<computed> (https://yx-web-nosdn.netease.im/sdk-release/hubble/hubble.js?timestamp=1784089177117:0:0)
    at <anonymous> (https://yx-web-nosdn.netease.im/sdk-release/hubble/2.0.0/DATracker.globals.js?t=1740363828127:0:0)
    at _.each (https://yx-web-nosdn.netease.im/sdk-release/hubble/2.0.0/DATracker.globals.js?t=1740363828127:905:14)
    at execute (https://yx-web-nosdn.netease.im/sdk-release/hubble/2.0.0/DATracker.globals.js?t=1740363828127:0:0)
    at DATrackerLib._execute_array (https://yx-web-nosdn.netease.im/sdk-release/hubble/2.0.0/DATracker.globals.js?t=1740363828127:0:0)
    at DATrackerLib.push (https://yx-web-nosdn.netease.im/sdk-release/hubble/2.0.0/DATracker.globals.js?t=1740363828127:0:0)
    at target.<computed> (https://yx-web-nosdn.netease.im/sdk-release/hubble/hubble.js?timestamp=1784089177117:0:0)
    at <anonymous> (https://yx-web-nosdn.netease.im/sdk-release/hubble/2.0.0/DATracker.globals.js?t=1740363828127:0:0)
    at _.each (https://yx-web-nosdn.netease.im/sdk-release/hubble/2.0.0/DATracker.globals.js?t=1740363828127:905:14)
    at execute (https://yx-web-nosdn.netease.im/sdk-release/hubble/2.0.0/DATracker.globals.js?t=1740363828127:0:0)
    at DATrackerLib._execute_array (https://yx-web-nosdn.netease.im/sdk-release/hubble/2.0.0/DATracker.globals.js?t=1740363828127:0:0)
    at DATrackerLib.push (https://yx-web-nosdn.netease.im/sdk-release/hubble/2.0.0/DATracker.globals.js?t=1740363828127:0:0)
    at target.<computed> (https://yx-web-nosdn.netease.im/sdk-release/hubble/hubble.js?timestamp=1784089177117:0:0)
    at <anonymous> (https://yx-web-nosdn.netease.im/sdk-release/hubble/2.0.0/DATracker.globals.js?t=1740363828127:0:0)
    at _.each (https://yx-web-nosdn.netease.im/sdk-release/hubble/2.0.0/DATracker.globals.js?t=1740363828127:905:14)
    at execute (https://yx-web-nosdn.netease.im/sdk-release/hubble/2.0.0/DATracker.globals.js?t=1740363828127:0:0)
    at DATrackerLib._execute_array (https://yx-web-nosdn.netease.im/sdk-release/hubble/2.0.0/DATracker.globals.js?t=1740363828127:0:0)
    at DATrackerLib.push (https://yx-web-nosdn.netease.im/sdk-release/hubble/2.0.0/DATracker.globals.js?t=1740363828127:0:0)
    at target.<computed> (https://yx-web-nosdn.netease.im/sdk-release/hubble/hubble.js?timestamp=1784089177117:0:0)
    at <anonymous> (https://yx-web-nosdn.netease.im/sdk-release/hubble/2.0.0/DATracker.globals.js?t=1740363828127:0:0)
    at _.each (https://yx-web-nosdn.netease.im/sdk-release/hubble/2.0.0/DATracker.globals.js?t=1740363828127:905:14)
    at execute (https://yx-web-nosdn.netease.im/sdk-release/hubble/2.0.0/DATracker.globals.js?t=1740363828127:0:0)
    at DATrackerLib._execute_array (https://yx-web-nosdn.netease.im/sdk-release/hubble/2.0.0/DATracker.globals.js?t=1740363828127:0:0)
    at DATrackerLib.push (https://yx-web-nosdn.netease.im/sdk-release/hubble/2.0.0/DATracker.globals.js?t=1740363828127:0:0)
    at target.<computed> (https://yx-web-nosdn.netease.im/sdk-release/hubble/hubble.js?timestamp=1784089177117:0:0)
    at <anonymous> (https://yx-web-nosdn.netease.im/sdk-release/hubble/2.0.0/DATracker.globals.js?t=1740363828127:0:0)
    at _.each (https://yx-web-nosdn.netease.im/sdk-release/hubble/2.0.0/DATracker.globals.js?t=1740363828127:905:14)
    at execute (https://yx-web-nosdn.netease.im/sdk-release/hubble/2.0.0/DATracker.globals.js?t=1740363828127:0:0)
    at DATrackerLib._execute_array (https://yx-web-nosdn.netease.im/sdk-release/hubble/2.0.0/DATracker.globals.js?t=1740363828127:0:0)
    at DATrackerLib.push (https://yx-web-nosdn.netease.im/sdk-release/hubble/2.0.0/DATracker.globals.js?t=1740363828127:0:0)
    at target.<computed> (https://yx-web-nosdn.netease.im/sdk-release/hubble/hubble.js?timestamp=1784089177117:0:0)
    at <anonymous> (https://yx-web-nosdn.netease.im/sdk-release/hubble/2.0.0/DATracker.globals.js?t=1740363828127:0:0)
    at _.each (https://yx-web-nosdn.netease.im/sdk-release/hubble/2.0.0/DATracker.globals.js?t=1740363828127:905:14)
    at execute (https://yx-web-nosdn.netease.im/sdk-release/hubble/2.0.0/DATracker.globals.js?t=1740363828127:0:0)
    at DATrackerLib._execute_array (https://yx-web-nosdn.netease.im/sdk-release/hubble/2.0.0/DATracker.globals.js?t=1740363828127:0:0)
    at DATrackerLib.push (https://yx-web-nosdn.netease.im/sdk-release/hubble/2.0.0/DATracker.globals.js?t=1740363828127:0:0)
    at target.<computed> (https://yx-web-nosdn.netease.im/sdk-release/hubble/hubble.js?timestamp=1784089177117:0:0)
    at <anonymous> (https://yx-web-nosdn.netease.im/sdk-release/hubble/2.0.0/DATracker.globals.js?t=1740363828127:0:0)
    at _.each (https://yx-web-nosdn.netease.im/sdk-release/hubble/2.0.0/DATracker.globals.js?t=1740363828127:905:14)
    at execute (https://yx-web-nosdn.netease.im/sdk-release/hubble/2.0.0/DATracker.globals.js?t=1740363828127:0:0)
    at DATrackerLib._execute_array (https://yx-web-nosdn.netease.im/sdk-release/hubble/2.0.0/DATracker.globals.js?t=1740363828127:0:0)
    at DATrackerLib.push (https://yx-web-nosdn.netease.im/sdk-release/hubble/2.0.0/DATracker.globals.js?t=1740363828127:0:0)
    at target.<computed> (https://yx-web-nosdn.netease.im/sdk-release/hubble/hubble.js?timestamp=1784089177117:0:0)
    at <anonymous> (https://yx-web-nosdn.netease.im/sdk-release/hubble/2.0.0/DATracker.globals.js?t=1740363828127:0:0)
    at _.each (https://yx-web-nosdn.netease.im/sdk-release/hubble/2.0.0/DATracker.globals.js?t=1740363828127:905:14)
    at execute (https://yx-web-nosdn.netease.im/sdk-release/hubble/2.0.0/DATracker.globals.js?t=1740363828127:0:0)
    at DATrackerLib._execute_array (https://yx-web-nosdn.netease.im/sdk-release/hubble/2.0.0/DATracker.globals.js?t=1740363828127:0:0)
    at DATrackerLib.push (https://yx-web-nosdn.netease.im/sdk-release/hubble/2.0.0/DATracker.globals.js?t=1740363828127:0:0)
    at target.<computed> (https://yx-web-nosdn.netease.im/sdk-release/hubble/hubble.js?timestamp=1784089177117:0:0)
    at <anonymous> (https://yx-web-nosdn.netease.im/sdk-release/hubble/2.0.0/DATracker.globals.js?t=1740363828127:0:0)
    at _.each (https://yx-web-nosdn.netease.im/sdk-release/hubble/2.0.0/DATracker.globals.js?t=1740363828127:905:14)
    at execute (https://yx-web-nosdn.netease.im/sdk-release/hubble/2.0.0/DATracker.globals.js?t=1740363828127:0:0)
    at DATrackerLib._execute_array (https://yx-web-nosdn.netease.im/sdk-release/hubble/2.0.0/DATracker.globals.js?t=1740363828127:0:0)
    at DATrackerLib.push (https://yx-web-nosdn.netease.im/sdk-release/hubble/2.0.0/DATracker.globals.js?t=1740363828127:0:0)
    at target.<computed> (https://yx-web-nosdn.netease.im/sdk-release/hubble/hubble.js?timestamp=1784089177117:0:0)
    at <anonymous> (https://yx-web-nosdn.netease.im/sdk-release/hubble/2.0.0/DATracker.globals.js?t=1740363828127:0:0)
    at _.each (https://yx-web-nosdn.netease.im/sdk-release/hubble/2.0.0/DATracker.globals.js?t=1740363828127:905:14)
    at execute (https://yx-web-nosdn.netease.im/sdk-release/hubble/2.0.0/DATracker.globals.js?t=1740363828127:0:0)
    at DATrackerLib._execute_array (https://yx-web-nosdn.netease.im/sdk-release/hubble/2.0.0/DATracker.globals.js?t=1740363828127:0:0)
    at DATrackerLib.push (https://yx-web-nosdn.netease.im/sdk-release/hubble/2.0.0/DATracker.globals.js?t=1740363828127:0:0)
    at target.<computed> (https://yx-web-nosdn.netease.im/sdk-release/hubble/hubble.js?timestamp=1784089177117:0:0)
    at <anonymous> (https://yx-web-nosdn.netease.im/sdk-release/hubble/2.0.0/DATracker.globals.js?t=1740363828127:0:0)
    at _.each (https://yx-web-nosdn.netease.im/sdk-release/hubble/2.0.0/DATracker.globals.js?t=1740363828127:905:14)
    at execute (https://yx-web-nosdn.netease.im/sdk-release/hubble/2.0.0/DATracker.globals.js?t=1740363828127:0:0)
    at DATrackerLib._execute_array (https://yx-web-nosdn.netease.im/sdk-release/hubble/2.0.0/DATracker.globals.js?t=1740363828127:0:0)
    at DATrackerLib.push (https://yx-web-nosdn.netease.im/sdk-release/hubble/2.0.0/DATracker.globals.js?t=1740363828127:0:0)
    at target.<computed> (https://yx-web-nosdn.netease.im/sdk-release/hubble/hubble.js?timestamp=1784089177117:0:0)
    at <anonymous> (https://yx-web-nosdn.netease.im/sdk-release/hubble/2.0.0/DATracker.globals.js?t=1740363828127:0:0)
    at _.each (https://yx-web-nosdn.netease.im/sdk-release/hubble/2.0.0/DATracker.globals.js?t=1740363828127:905:14)
    at execute (https://yx-web-nosdn.netease.im/sdk-release/hubble/2.0.0/DATracker.globals.js?t=1740363828127:0:0)
    at DATrackerLib._execute_array (https://yx-web-nosdn.netease.im/sdk-release/hubble/2.0.0/DATracker.globals.js?t=1740363828127:0:0)
    at DATrackerLib.push (https://yx-web-nosdn.netease.im/sdk-release/hubble/2.0.0/DATracker.globals.js?t=1740363828127:0:0)
    at target.<computed> (https://yx-web-nosdn.netease.im/sdk-release/hubble/hubble.js?timestamp=1784089177117:0:0)
    at <anonymous> (https://yx-web-nosdn.netease.im/sdk-release/hubble/2.0.0/DATracker.globals.js?t=1740363828127:0:0)
    at _.each (https://yx-web-nosdn.netease.im/sdk-release/hubble/2.0.0/DATracker.globals.js?t=1740363828127:905:14)
    at execute (https://yx-web-nosdn.netease.im/sdk-release/hubble/2.0.0/DATracker.globals.js?t=1740363828127:0:0)
    at DATrackerLib._execute_array (https://yx-web-nosdn.netease.im/sdk-release/hubble/2.0.0/DATracker.globals.js?t=1740363828127:0:0)
    at DATrackerLib.push (https://yx-web-nosdn.netease.im/sdk-release/hubble/2.0.0/DATracker.globals.js?t=1740363828127:0:0)
    at target.<computed> (https://yx-web-nosdn.netease.im/sdk-release/hubble/hubble.js?timestamp=1784089177117:0:0)
    at <anonymous> (https://yx-web-nosdn.netease.im/sdk-release/hubble/2.0.0/DATracker.globals.js?t=1740363828127:0:0)
    at _.each (https://yx-web-nosdn.netease.im/sdk-release/hubble/2.0.0/DATracker.globals.js?t=1740363828127:905:14)
    at execute (https://yx-web-nosdn.netease.im/sdk-release/hubble/2.0.0/DATracker.globals.js?t=1740363828127:0:0)
    at DATrackerLib._execute_array (https://yx-web-nosdn.netease.im/sdk-release/hubble/2.0.0/DATracker.globals.js?t=1740363828127:0:0)
    at DATrackerLib.push (https://yx-web-nosdn.netease.im/sdk-release/hubble/2.0.0/DATracker.globals.js?t=1740363828127:0:0)
    at target.<computed> (https://yx-web-nosdn.netease.im/sdk-release/hubble/hubble.js?timestamp=1784089177117:0:0)
    at <anonymous> (https://yx-web-nosdn.netease.im/sdk-release/hubble/2.0.0/DATracker.globals.js?t=1740363828127:0:0)
    at _.each (https://yx-web-nosdn.netease.im/sdk-release/hubble/2.0.0/DATracker.globals.js?t=1740363828127:905:14)
    at execute (https://yx-web-nosdn.netease.im/sdk-release/hubble/2.0.0/DATracker.globals.js?t=1740363828127:0:0)
    at DATrackerLib._execute_array (https://yx-web-nosdn.netease.im/sdk-release/hubble/2.0.0/DATracker.globals.js?t=1740363828127:0:0)
    at DATrackerLib.push (https://yx-web-nosdn.netease.im/sdk-release/hubble/2.0.0/DATracker.globals.js?t=1740363828127:0:0)
    at target.<computed> (https://yx-web-nosdn.netease.im/sdk-release/hubble/hubble.js?timestamp=1784089177117:0:0)
    at <anonymous> (https://yx-web-nosdn.netease.im/sdk-release/hubble/2.0.0/DATracker.globals.js?t=1740363828127:0:0)
    at _.each (https://yx-web-nosdn.netease.im/sdk-release/hubble/2.0.0/DATracker.globals.js?t=1740363828127:905:14)
    at execute (https://yx-web-nosdn.netease.im/sdk-release/hubble/2.0.0/DATracker.globals.js?t=1740363828127:0:0)
    at DATrackerLib._execute_array (https://yx-web-nosdn.netease.im/sdk-release/hubble/2.0.0/DATracker.globals.js?t=1740363828127:0:0)
    at DATrackerLib.push (https://yx-web-nosdn.netease.im/sdk-release/hubble/2.0.0/DATracker.globals.js?t=1740363828127:0:0)
    at target.<computed> (https://yx-web-nosdn.netease.im/sdk-release/hubble/hubble.js?timestamp=1784089177117:0:0)
    at <anonymous> (https://yx-web-nosdn.netease.im/sdk-release/hubble/2.0.0/DATracker.globals.js?t=1740363828127:0:0)
    at _.each (https://yx-web-nosdn.netease.im/sdk-release/hubble/2.0.0/DATracker.globals.js?t=1740363828127:905:14)
    at execute (https://yx-web-nosdn.netease.im/sdk-release/hubble/2.0.0/DATracker.globals.js?t=1740363828127:0:0)
    at DATrackerLib._execute_array (https://yx-web-nosdn.netease.im/sdk-release/hubble/2.0.0/DATracker.globals.js?t=1740363828127:0:0)
    at DATrackerLib.push (https://yx-web-nosdn.netease.im/sdk-release/hubble/2.0.0/DATracker.globals.js?t=1740363828127:0:0)
    at target.<computed> (https://yx-web-nosdn.netease.im/sdk-release/hubble/hubble.js?timestamp=1784089177117:0:0)
    at <anonymous> (https://yx-web-nosdn.netease.im/sdk-release/hubble/2.0.0/DATracker.globals.js?t=1740363828127:0:0)
    at _.each (https://yx-web-nosdn.netease.im/sdk-release/hubble/2.0.0/DATracker.globals.js?t=1740363828127:905:14)
    at execute (https://yx-web-nosdn.netease.im/sdk-release/hubble/2.0.0/DATracker.globals.js?t=1740363828127:0:0)
    at DATrackerLib._execute_array (https://yx-web-nosdn.netease.im/sdk-release/hubble/2.0.0/DATracker.globals.js?t=1740363828127:0:0)
    at DATrackerLib.push (https://yx-web-nosdn.netease.im/sdk-release/hubble/2.0.0/DATracker.globals.js?t=1740363828127:0:0)
    at target.<computed> (https://yx-web-nosdn.netease.im/sdk-release/hubble/hubble.js?timestamp=1784089177117:0:0)
    at <anonymous> (https://yx-web-nosdn.netease.im/sdk-release/hubble/2.0.0/DATracker.globals.js?t=1740363828127:0:0)
    at _.each (https://yx-web-nosdn.netease.im/sdk-release/hubble/2.0.0/DATracker.globals.js?t=1740363828127:905:14)
    at execute (https://yx-web-nosdn.netease.im/sdk-release/hubble/2.0.0/DATracker.globals.js?t=1740363828127:0:0)
    at DATrackerLib._execute_array (https://yx-web-nosdn.netease.im/sdk-release/hubble/2.0.0/DATracker.globals.js?t=1740363828127:0:0)
    at DATrackerLib.push (https://yx-web-nosdn.netease.im/sdk-release/hubble/2.0.0/DATracker.globals.js?t=1740363828127:0:0)
    at target.<computed> (https://yx-web-nosdn.netease.im/sdk-release/hubble/hubble.js?timestamp=1784089177117:0:0)
    at <anonymous> (https://yx-web-nosdn.netease.im/sdk-release/hubble/2.0.0/DATracker.globals.js?t=1740363828127:0:0)
    at _.each (https://yx-web-nosdn.netease.im/sdk-release/hubble/2.0.0/DATracker.globals.js?t=1740363828127:905:14)
    at execute (https://yx-web-nosdn.netease.im/sdk-release/hubble/2.0.0/DATracker.globals.js?t=1740363828127:0:0)
    at DATrackerLib._execute_array (https://yx-web-nosdn.netease.im/sdk-release/hubble/2.0.0/DATracker.globals.js?t=1740363828127:0:0)
    at DATrackerLib.push (https://yx-web-nosdn.netease.im/sdk-release/hubble/2.0.0/DATracker.globals.js?t=1740363828127:0:0)
    at target.<computed> (https://yx-web-nosdn.netease.im/sdk-release/hubble/hubble.js?timestamp=1784089177117:0:0)
    at <anonymous> (https://yx-web-nosdn.netease.im/sdk-release/hubble/2.0.0/DATracker.globals.js?t=1740363828127:0:0)
    at _.each (https://yx-web-nosdn.netease.im/sdk-release/hubble/2.0.0/DATracker.globals.js?t=1740363828127:905:14)
    at execute (https://yx-web-nosdn.netease.im/sdk-release/hubble/2.0.0/DATracker.globals.js?t=1740363828127:0:0)
    at DATrackerLib._execute_array (https://yx-web-nosdn.netease.im/sdk-release/hubble/2.0.0/DATracker.globals.js?t=1740363828127:0:0)
    at DATrackerLib.push (https://yx-web-nosdn.netease.im/sdk-release/hubble/2.0.0/DATracker.globals.js?t=1740363828127:0:0)
    at target.<computed> (https://yx-web-nosdn.netease.im/sdk-release/hubble/hubble.js?timestamp=1784089177117:0:0)
    at <anonymous> (https://yx-web-nosdn.netease.im/sdk-release/hubble/2.0.0/DATracker.globals.js?t=1740363828127:0:0)
    at _.each (https://yx-web-nosdn.netease.im/sdk-release/hubble/2.0.0/DATracker.globals.js?t=1740363828127:905:14)
    at execute (https://yx-web-nosdn.netease.im/sdk-release/hubble/2.0.0/DATracker.globals.js?t=1740363828127:0:0)
    at DATrackerLib._execute_array (https://yx-web-nosdn.netease.im/sdk-release/hubble/2.0.0/DATracker.globals.js?t=1740363828127:0:0)
    at DATrackerLib.push (https://yx-web-nosdn.netease.im/sdk-release/hubble/2.0.0/DATracker.globals.js?t=1740363828127:0:0)
    at target.<computed> (https://yx-web-nosdn.netease.im/sdk-release/hubble/hubble.js?timestamp=1784089177117:0:0)
    at <anonymous> (https://yx-web-nosdn.netease.im/sdk-release/hubble/2.0.0/DATracker.globals.js?t=1740363828127:0:0)
    at _.each (https://yx-web-nosdn.netease.im/sdk-release/hubble/2.0.0/DATracker.globals.js?t=1740363828127:905:14)
    at execute (https://yx-web-nosdn.netease.im/sdk-release/hubble/2.0.0/DATracker.globals.js?t=1740363828127:0:0)
    at DATrackerLib._execute_array (https://yx-web-nosdn.netease.im/sdk-release/hubble/2.0.0/DATracker.globals.js?t=1740363828127:0:0)
    at DATrackerLib.push (https://yx-web-nosdn.netease.im/sdk-release/hubble/2.0.0/DATracker.globals.js?t=1740363828127:0:0)
    at target.<computed> (https://yx-web-nosdn.netease.im/sdk-release/hubble/hubble.js?timestamp=1784089177117:0:0)
    at <anonymous> (https://yx-web-nosdn.netease.im/sdk-release/hubble/2.0.0/DATracker.globals.js?t=1740363828127:0:0)
    at _.each (https://yx-web-nosdn.netease.im/sdk-release/hubble/2.0.0/DATracker.globals.js?t=1740363828127:905:14)
    at execute (https://yx-web-nosdn.netease.im/sdk-release/hubble/2.0.0/DATracker.globals.js?t=1740363828127:0:0)
    at DATrackerLib._execute_array (https://yx-web-nosdn.netease.im/sdk-release/hubble/2.0.0/DATracker.globals.js?t=1740363828127:0:0)
    at DATrackerLib.push (https://yx-web-nosdn.netease.im/sdk-release/hubble/2.0.0/DATracker.globals.js?t=1740363828127:0:0)
    at target.<computed> (https://yx-web-nosdn.netease.im/sdk-release/hubble/hubble.js?timestamp=1784089177117:0:0)
    at <anonymous> (https://yx-web-nosdn.netease.im/sdk-release/hubble/2.0.0/DATracker.globals.js?t=1740363828127:0:0)
    at _.each (https://yx-web-nosdn.netease.im/sdk-release/hubble/2.0.0/DATracker.globals.js?t=1740363828127:905:14)
    at execute (https://yx-web-nosdn.netease.im/sdk-release/hubble/2.0.0/DATracker.globals.js?t=1740363828127:0:0)
    at DATrackerLib._execute_array (https://yx-web-nosdn.netease.im/sdk-release/hubble/2.0.0/DATracker.globals.js?t=1740363828127:0:0)
    at DATrackerLib.push (https://yx-web-nosdn.netease.im/sdk-release/hubble/2.0.0/DATracker.globals.js?t=1740363828127:0:0)
    at target.<computed> (https://yx-web-nosdn.netease.im/sdk-release/hubble/hubble.js?timestamp=1784089177117:0:0)
    at <anonymous> (https://yx-web-nosdn.netease.im/sdk-release/hubble/2.0.0/DATracker.globals.js?t=1740363828127:0:0)
    at _.each (https://yx-web-nosdn.netease.im/sdk-release/hubble/2.0.0/DATracker.globals.js?t=1740363828127:905:14)
    at execute (https://yx-web-nosdn.netease.im/sdk-release/hubble/2.0.0/DATracker.globals.js?t=1740363828127:0:0)
    at DATrackerLib._execute_array (https://yx-web-nosdn.netease.im/sdk-release/hubble/2.0.0/DATracker.globals.js?t=1740363828127:0:0)
[    8745ms] [ERROR] Failed to load resource: the server responded with a status of 404 (Not Found) @ https://doc.yunxin.163.com/probeyxid:0
[    9362ms] [ERROR] Failed to load resource: the server responded with a status of 404 (Not Found) @ https://doc.yunxin.163.com/probeyxid:0
[   10207ms] [LOG] ---哈勃数据初始化成功 @ https://yx-web-nosdn.netease.im/sdk-release/hubble/hubble.js?timestamp=1784089182211:70
[   10618ms] [LOG] ---哈勃数据初始化成功 @ https://yx-web-nosdn.netease.im/sdk-release/hubble/hubble.js?timestamp=1784089182847:70
[   10999ms] [LOG] ---哈勃数据初始化成功 @ https://yx-web-nosdn.netease.im/sdk-release/hubble/hubble.js?timestamp=1784089183925:70
[   11299ms] [LOG] ---哈勃数据初始化成功 @ https://yx-web-nosdn.netease.im/sdk-release/hubble/hubble.js?timestamp=1784089184324:70
[   11315ms] Uncaught TypeError: Cannot read properties of undefined (reading '0')
    at dom.onload (https://yunxin.163.com/res/third/probeYxId.bundled.js:125:14)
[   11703ms] Uncaught TypeError: Cannot read properties of undefined (reading '0')
    at dom.onload (https://yunxin.163.com/res/third/probeYxId.bundled.js:125:14)
[   12121ms] Uncaught TypeError: Cannot read properties of undefined (reading '0')
    at dom.onload (https://yunxin.163.com/res/third/probeYxId.bundled.js:125:14)
[   31640ms] Uncaught TypeError: Cannot read properties of undefined (reading '0')
    at dom.onload (https://yunxin.163.com/res/third/probeYxId.bundled.js:125:14)
[   31798ms] Uncaught TypeError: Cannot read properties of undefined (reading '0')
    at dom.onload (https://yunxin.163.com/res/third/probeYxId.bundled.js:125:14)
